Archive member included to satisfy reference by file (symbol)

c:/st/stm32cubeide_1.10.1/stm32cubeide/plugins/com.st.stm32cube.ide.mcu.externaltools.gnu-tools-for-stm32.10.3-2021.10.win32_1.0.0.202111181127/tools/bin/../lib/gcc/arm-none-eabi/10.3.1/../../../../arm-none-eabi/lib/thumb/v7e-m+fp/hard\libc_nano.a(lib_a-errno.o)
                              ./Core/Src/syscalls.o (__errno)
c:/st/stm32cubeide_1.10.1/stm32cubeide/plugins/com.st.stm32cube.ide.mcu.externaltools.gnu-tools-for-stm32.10.3-2021.10.win32_1.0.0.202111181127/tools/bin/../lib/gcc/arm-none-eabi/10.3.1/../../../../arm-none-eabi/lib/thumb/v7e-m+fp/hard\libc_nano.a(lib_a-exit.o)
                              c:/st/stm32cubeide_1.10.1/stm32cubeide/plugins/com.st.stm32cube.ide.mcu.externaltools.gnu-tools-for-stm32.10.3-2021.10.win32_1.0.0.202111181127/tools/bin/../lib/gcc/arm-none-eabi/10.3.1/../../../../arm-none-eabi/lib/thumb/v7e-m+fp/hard/crt0.o (exit)
c:/st/stm32cubeide_1.10.1/stm32cubeide/plugins/com.st.stm32cube.ide.mcu.externaltools.gnu-tools-for-stm32.10.3-2021.10.win32_1.0.0.202111181127/tools/bin/../lib/gcc/arm-none-eabi/10.3.1/../../../../arm-none-eabi/lib/thumb/v7e-m+fp/hard\libc_nano.a(lib_a-impure.o)
                              c:/st/stm32cubeide_1.10.1/stm32cubeide/plugins/com.st.stm32cube.ide.mcu.externaltools.gnu-tools-for-stm32.10.3-2021.10.win32_1.0.0.202111181127/tools/bin/../lib/gcc/arm-none-eabi/10.3.1/../../../../arm-none-eabi/lib/thumb/v7e-m+fp/hard\libc_nano.a(lib_a-exit.o) (_global_impure_ptr)
c:/st/stm32cubeide_1.10.1/stm32cubeide/plugins/com.st.stm32cube.ide.mcu.externaltools.gnu-tools-for-stm32.10.3-2021.10.win32_1.0.0.202111181127/tools/bin/../lib/gcc/arm-none-eabi/10.3.1/../../../../arm-none-eabi/lib/thumb/v7e-m+fp/hard\libc_nano.a(lib_a-init.o)
                              c:/st/stm32cubeide_1.10.1/stm32cubeide/plugins/com.st.stm32cube.ide.mcu.externaltools.gnu-tools-for-stm32.10.3-2021.10.win32_1.0.0.202111181127/tools/bin/../lib/gcc/arm-none-eabi/10.3.1/../../../../arm-none-eabi/lib/thumb/v7e-m+fp/hard/crt0.o (__libc_init_array)
c:/st/stm32cubeide_1.10.1/stm32cubeide/plugins/com.st.stm32cube.ide.mcu.externaltools.gnu-tools-for-stm32.10.3-2021.10.win32_1.0.0.202111181127/tools/bin/../lib/gcc/arm-none-eabi/10.3.1/../../../../arm-none-eabi/lib/thumb/v7e-m+fp/hard\libc_nano.a(lib_a-memset.o)
                              c:/st/stm32cubeide_1.10.1/stm32cubeide/plugins/com.st.stm32cube.ide.mcu.externaltools.gnu-tools-for-stm32.10.3-2021.10.win32_1.0.0.202111181127/tools/bin/../lib/gcc/arm-none-eabi/10.3.1/../../../../arm-none-eabi/lib/thumb/v7e-m+fp/hard/crt0.o (memset)
c:/st/stm32cubeide_1.10.1/stm32cubeide/plugins/com.st.stm32cube.ide.mcu.externaltools.gnu-tools-for-stm32.10.3-2021.10.win32_1.0.0.202111181127/tools/bin/../lib/gcc/arm-none-eabi/10.3.1/thumb/v7e-m+fp/hard\libgcc.a(_arm_muldf3.o)
                              ./Core/Src/main.o (__aeabi_dmul)
c:/st/stm32cubeide_1.10.1/stm32cubeide/plugins/com.st.stm32cube.ide.mcu.externaltools.gnu-tools-for-stm32.10.3-2021.10.win32_1.0.0.202111181127/tools/bin/../lib/gcc/arm-none-eabi/10.3.1/thumb/v7e-m+fp/hard\libgcc.a(_arm_addsubdf3.o)
                              ./Core/Src/main.o (__aeabi_i2d)
c:/st/stm32cubeide_1.10.1/stm32cubeide/plugins/com.st.stm32cube.ide.mcu.externaltools.gnu-tools-for-stm32.10.3-2021.10.win32_1.0.0.202111181127/tools/bin/../lib/gcc/arm-none-eabi/10.3.1/thumb/v7e-m+fp/hard\libgcc.a(_arm_truncdfsf2.o)
                              ./Core/Src/main.o (__aeabi_d2f)
c:/st/stm32cubeide_1.10.1/stm32cubeide/plugins/com.st.stm32cube.ide.mcu.externaltools.gnu-tools-for-stm32.10.3-2021.10.win32_1.0.0.202111181127/tools/bin/../lib/gcc/arm-none-eabi/10.3.1/thumb/v7e-m+fp/hard\libgcc.a(_aeabi_uldivmod.o)
                              ./Drivers/STM32F4xx_HAL_Driver/Src/stm32f4xx_hal_rcc.o (__aeabi_uldivmod)
c:/st/stm32cubeide_1.10.1/stm32cubeide/plugins/com.st.stm32cube.ide.mcu.externaltools.gnu-tools-for-stm32.10.3-2021.10.win32_1.0.0.202111181127/tools/bin/../lib/gcc/arm-none-eabi/10.3.1/thumb/v7e-m+fp/hard\libgcc.a(_udivmoddi4.o)
                              c:/st/stm32cubeide_1.10.1/stm32cubeide/plugins/com.st.stm32cube.ide.mcu.externaltools.gnu-tools-for-stm32.10.3-2021.10.win32_1.0.0.202111181127/tools/bin/../lib/gcc/arm-none-eabi/10.3.1/thumb/v7e-m+fp/hard\libgcc.a(_aeabi_uldivmod.o) (__udivmoddi4)
c:/st/stm32cubeide_1.10.1/stm32cubeide/plugins/com.st.stm32cube.ide.mcu.externaltools.gnu-tools-for-stm32.10.3-2021.10.win32_1.0.0.202111181127/tools/bin/../lib/gcc/arm-none-eabi/10.3.1/thumb/v7e-m+fp/hard\libgcc.a(_dvmd_tls.o)
                              c:/st/stm32cubeide_1.10.1/stm32cubeide/plugins/com.st.stm32cube.ide.mcu.externaltools.gnu-tools-for-stm32.10.3-2021.10.win32_1.0.0.202111181127/tools/bin/../lib/gcc/arm-none-eabi/10.3.1/thumb/v7e-m+fp/hard\libgcc.a(_aeabi_uldivmod.o) (__aeabi_ldiv0)

Discarded input sections

[...]
Memory Configuration

Name             Origin             Length             Attributes
CCMRAM           0x0000000010000000 0x0000000000010000 xrw
RAM              0x0000000020000000 0x0000000000020000 xrw
FLASH            0x0000000008000000 0x0000000000100000 xr
*default*        0x0000000000000000 0xffffffffffffffff

Linker script and memory map

LOAD c:/st/stm32cubeide_1.10.1/stm32cubeide/plugins/com.st.stm32cube.ide.mcu.externaltools.gnu-tools-for-stm32.10.3-2021.10.win32_1.0.0.202111181127/tools/bin/../lib/gcc/arm-none-eabi/10.3.1/thumb/v7e-m+fp/hard/crti.o
LOAD c:/st/stm32cubeide_1.10.1/stm32cubeide/plugins/com.st.stm32cube.ide.mcu.externaltools.gnu-tools-for-stm32.10.3-2021.10.win32_1.0.0.202111181127/tools/bin/../lib/gcc/arm-none-eabi/10.3.1/thumb/v7e-m+fp/hard/crtbegin.o
LOAD c:/st/stm32cubeide_1.10.1/stm32cubeide/plugins/com.st.stm32cube.ide.mcu.externaltools.gnu-tools-for-stm32.10.3-2021.10.win32_1.0.0.202111181127/tools/bin/../lib/gcc/arm-none-eabi/10.3.1/../../../../arm-none-eabi/lib/thumb/v7e-m+fp/hard/crt0.o
LOAD ./Core/Src/main.o
LOAD ./Core/Src/stm32f4xx_hal_msp.o
LOAD ./Core/Src/stm32f4xx_it.o
LOAD ./Core/Src/syscalls.o
LOAD ./Core/Src/sysmem.o
LOAD ./Core/Src/system_stm32f4xx.o
LOAD ./Core/Startup/startup_stm32f407vgtx.o
LOAD ./Drivers/STM32F4xx_HAL_Driver/Src/stm32f4xx_hal.o
LOAD ./Drivers/STM32F4xx_HAL_Driver/Src/stm32f4xx_hal_adc.o
LOAD ./Drivers/STM32F4xx_HAL_Driver/Src/stm32f4xx_hal_adc_ex.o
LOAD ./Drivers/STM32F4xx_HAL_Driver/Src/stm32f4xx_hal_cortex.o
LOAD ./Drivers/STM32F4xx_HAL_Driver/Src/stm32f4xx_hal_dma.o
LOAD ./Drivers/STM32F4xx_HAL_Driver/Src/stm32f4xx_hal_dma_ex.o
LOAD ./Drivers/STM32F4xx_HAL_Driver/Src/stm32f4xx_hal_exti.o
LOAD ./Drivers/STM32F4xx_HAL_Driver/Src/stm32f4xx_hal_flash.o
LOAD ./Drivers/STM32F4xx_HAL_Driver/Src/stm32f4xx_hal_flash_ex.o
LOAD ./Drivers/STM32F4xx_HAL_Driver/Src/stm32f4xx_hal_flash_ramfunc.o
LOAD ./Drivers/STM32F4xx_HAL_Driver/Src/stm32f4xx_hal_gpio.o
LOAD ./Drivers/STM32F4xx_HAL_Driver/Src/stm32f4xx_hal_pwr.o
LOAD ./Drivers/STM32F4xx_HAL_Driver/Src/stm32f4xx_hal_pwr_ex.o
LOAD ./Drivers/STM32F4xx_HAL_Driver/Src/stm32f4xx_hal_rcc.o
LOAD ./Drivers/STM32F4xx_HAL_Driver/Src/stm32f4xx_hal_rcc_ex.o
LOAD ./Drivers/STM32F4xx_HAL_Driver/Src/stm32f4xx_hal_tim.o
LOAD ./Drivers/STM32F4xx_HAL_Driver/Src/stm32f4xx_hal_tim_ex.o
LOAD ./Drivers/STM32F4xx_HAL_Driver/Src/stm32f4xx_ll_adc.o
START GROUP
LOAD c:/st/stm32cubeide_1.10.1/stm32cubeide/plugins/com.st.stm32cube.ide.mcu.externaltools.gnu-tools-for-stm32.10.3-2021.10.win32_1.0.0.202111181127/tools/bin/../lib/gcc/arm-none-eabi/10.3.1/../../../../arm-none-eabi/lib/thumb/v7e-m+fp/hard\libc_nano.a
LOAD c:/st/stm32cubeide_1.10.1/stm32cubeide/plugins/com.st.stm32cube.ide.mcu.externaltools.gnu-tools-for-stm32.10.3-2021.10.win32_1.0.0.202111181127/tools/bin/../lib/gcc/arm-none-eabi/10.3.1/../../../../arm-none-eabi/lib/thumb/v7e-m+fp/hard\libm.a
END GROUP
START GROUP
LOAD c:/st/stm32cubeide_1.10.1/stm32cubeide/plugins/com.st.stm32cube.ide.mcu.externaltools.gnu-tools-for-stm32.10.3-2021.10.win32_1.0.0.202111181127/tools/bin/../lib/gcc/arm-none-eabi/10.3.1/thumb/v7e-m+fp/hard\libgcc.a
LOAD c:/st/stm32cubeide_1.10.1/stm32cubeide/plugins/com.st.stm32cube.ide.mcu.externaltools.gnu-tools-for-stm32.10.3-2021.10.win32_1.0.0.202111181127/tools/bin/../lib/gcc/arm-none-eabi/10.3.1/../../../../arm-none-eabi/lib/thumb/v7e-m+fp/hard\libc_nano.a
END GROUP
START GROUP
LOAD c:/st/stm32cubeide_1.10.1/stm32cubeide/plugins/com.st.stm32cube.ide.mcu.externaltools.gnu-tools-for-stm32.10.3-2021.10.win32_1.0.0.202111181127/tools/bin/../lib/gcc/arm-none-eabi/10.3.1/thumb/v7e-m+fp/hard\libgcc.a
LOAD c:/st/stm32cubeide_1.10.1/stm32cubeide/plugins/com.st.stm32cube.ide.mcu.externaltools.gnu-tools-for-stm32.10.3-2021.10.win32_1.0.0.202111181127/tools/bin/../lib/gcc/arm-none-eabi/10.3.1/../../../../arm-none-eabi/lib/thumb/v7e-m+fp/hard\libc_nano.a
LOAD c:/st/stm32cubeide_1.10.1/stm32cubeide/plugins/com.st.stm32cube.ide.mcu.externaltools.gnu-tools-for-stm32.10.3-2021.10.win32_1.0.0.202111181127/tools/bin/../lib/gcc/arm-none-eabi/10.3.1/../../../../arm-none-eabi/lib/thumb/v7e-m+fp/hard\libnosys.a
END GROUP
START GROUP
LOAD c:/st/stm32cubeide_1.10.1/stm32cubeide/plugins/com.st.stm32cube.ide.mcu.externaltools.gnu-tools-for-stm32.10.3-2021.10.win32_1.0.0.202111181127/tools/bin/../lib/gcc/arm-none-eabi/10.3.1/thumb/v7e-m+fp/hard\libgcc.a
LOAD c:/st/stm32cubeide_1.10.1/stm32cubeide/plugins/com.st.stm32cube.ide.mcu.externaltools.gnu-tools-for-stm32.10.3-2021.10.win32_1.0.0.202111181127/tools/bin/../lib/gcc/arm-none-eabi/10.3.1/../../../../arm-none-eabi/lib/thumb/v7e-m+fp/hard\libc_nano.a
LOAD c:/st/stm32cubeide_1.10.1/stm32cubeide/plugins/com.st.stm32cube.ide.mcu.externaltools.gnu-tools-for-stm32.10.3-2021.10.win32_1.0.0.202111181127/tools/bin/../lib/gcc/arm-none-eabi/10.3.1/../../../../arm-none-eabi/lib/thumb/v7e-m+fp/hard\libnosys.a
END GROUP
LOAD c:/st/stm32cubeide_1.10.1/stm32cubeide/plugins/com.st.stm32cube.ide.mcu.externaltools.gnu-tools-for-stm32.10.3-2021.10.win32_1.0.0.202111181127/tools/bin/../lib/gcc/arm-none-eabi/10.3.1/thumb/v7e-m+fp/hard/crtend.o
LOAD c:/st/stm32cubeide_1.10.1/stm32cubeide/plugins/com.st.stm32cube.ide.mcu.externaltools.gnu-tools-for-stm32.10.3-2021.10.win32_1.0.0.202111181127/tools/bin/../lib/gcc/arm-none-eabi/10.3.1/thumb/v7e-m+fp/hard/crtn.o
                0x0000000020020000                _estack = (ORIGIN (RAM) + LENGTH (RAM))
                0x0000000000000200                _Min_Heap_Size = 0x200
                0x0000000000000400                _Min_Stack_Size = 0x400

.isr_vector     0x0000000008000000      0x188
                0x0000000008000000                . = ALIGN (0x4)
 *(.isr_vector)
 .isr_vector    0x0000000008000000      0x188 ./Core/Startup/startup_stm32f407vgtx.o
                0x0000000008000000                g_pfnVectors
                0x0000000008000188                . = ALIGN (0x4)

.text           0x0000000008000188     0x256c
                0x0000000008000188                . = ALIGN (0x4)
 *(.text)
 .text          0x0000000008000188       0x40 c:/st/stm32cubeide_1.10.1/stm32cubeide/plugins/com.st.stm32cube.ide.mcu.externaltools.gnu-tools-for-stm32.10.3-2021.10.win32_1.0.0.202111181127/tools/bin/../lib/gcc/arm-none-eabi/10.3.1/thumb/v7e-m+fp/hard/crtbegin.o
 .text          0x00000000080001c8      0x254 c:/st/stm32cubeide_1.10.1/stm32cubeide/plugins/com.st.stm32cube.ide.mcu.externaltools.gnu-tools-for-stm32.10.3-2021.10.win32_1.0.0.202111181127/tools/bin/../lib/gcc/arm-none-eabi/10.3.1/thumb/v7e-m+fp/hard\libgcc.a(_arm_muldf3.o)
                0x00000000080001c8                __muldf3
                0x00000000080001c8                __aeabi_dmul
 .text          0x000000000800041c      0x378 c:/st/stm32cubeide_1.10.1/stm32cubeide/plugins/com.st.stm32cube.ide.mcu.externaltools.gnu-tools-for-stm32.10.3-2021.10.win32_1.0.0.202111181127/tools/bin/../lib/gcc/arm-none-eabi/10.3.1/thumb/v7e-m+fp/hard\libgcc.a(_arm_addsubdf3.o)
                0x000000000800041c                __aeabi_drsub
                0x0000000008000424                __aeabi_dsub
                0x0000000008000424                __subdf3
                0x0000000008000428                __aeabi_dadd
                0x0000000008000428                __adddf3
                0x00000000080006a0                __floatunsidf
                0x00000000080006a0                __aeabi_ui2d
                0x00000000080006c0                __floatsidf
                0x00000000080006c0                __aeabi_i2d
                0x00000000080006e4                __aeabi_f2d
                0x00000000080006e4                __extendsfdf2
                0x0000000008000728                __floatundidf
                0x0000000008000728                __aeabi_ul2d
                0x0000000008000738                __floatdidf
                0x0000000008000738                __aeabi_l2d
 .text          0x0000000008000794       0xa0 c:/st/stm32cubeide_1.10.1/stm32cubeide/plugins/com.st.stm32cube.ide.mcu.externaltools.gnu-tools-for-stm32.10.3-2021.10.win32_1.0.0.202111181127/tools/bin/../lib/gcc/arm-none-eabi/10.3.1/thumb/v7e-m+fp/hard\libgcc.a(_arm_truncdfsf2.o)
                0x0000000008000794                __truncdfsf2
                0x0000000008000794                __aeabi_d2f
 .text          0x0000000008000834       0x30 c:/st/stm32cubeide_1.10.1/stm32cubeide/plugins/com.st.stm32cube.ide.mcu.externaltools.gnu-tools-for-stm32.10.3-2021.10.win32_1.0.0.202111181127/tools/bin/../lib/gcc/arm-none-eabi/10.3.1/thumb/v7e-m+fp/hard\libgcc.a(_aeabi_uldivmod.o)
                0x0000000008000834                __aeabi_uldivmod
 .text          0x0000000008000864      0x2d0 c:/st/stm32cubeide_1.10.1/stm32cubeide/plugins/com.st.stm32cube.ide.mcu.externaltools.gnu-tools-for-stm32.10.3-2021.10.win32_1.0.0.202111181127/tools/bin/../lib/gcc/arm-none-eabi/10.3.1/thumb/v7e-m+fp/hard\libgcc.a(_udivmoddi4.o)
                0x0000000008000864                __udivmoddi4
 .text          0x0000000008000b34        0x4 c:/st/stm32cubeide_1.10.1/stm32cubeide/plugins/com.st.stm32cube.ide.mcu.externaltools.gnu-tools-for-stm32.10.3-2021.10.win32_1.0.0.202111181127/tools/bin/../lib/gcc/arm-none-eabi/10.3.1/thumb/v7e-m+fp/hard\libgcc.a(_dvmd_tls.o)
                0x0000000008000b34                __aeabi_idiv0
                0x0000000008000b34                __aeabi_ldiv0
 *(.text*)
 .text.Read_ADC
                0x0000000008000b38       0x40 ./Core/Src/main.o
                0x0000000008000b38                Read_ADC
 .text.Get_pH   0x0000000008000b78       0xc8 ./Core/Src/main.o
                0x0000000008000b78                Get_pH
 .text.main     0x0000000008000c40       0x1a ./Core/Src/main.o
                0x0000000008000c40                main
 *fill*         0x0000000008000c5a        0x2 
 .text.SystemClock_Config
                0x0000000008000c5c       0xd4 ./Core/Src/main.o
                0x0000000008000c5c                SystemClock_Config
 .text.MX_ADC1_Init
                0x0000000008000d30       0xa4 ./Core/Src/main.o
 .text.MX_GPIO_Init
                0x0000000008000dd4       0x50 ./Core/Src/main.o
 .text.Error_Handler
                0x0000000008000e24        0xa ./Core/Src/main.o
                0x0000000008000e24                Error_Handler
 *fill*         0x0000000008000e2e        0x2 
 .text.HAL_MspInit
                0x0000000008000e30       0x50 ./Core/Src/stm32f4xx_hal_msp.o
                0x0000000008000e30                HAL_MspInit
 .text.HAL_ADC_MspInit
                0x0000000008000e80       0x88 ./Core/Src/stm32f4xx_hal_msp.o
                0x0000000008000e80                HAL_ADC_MspInit
 .text.NMI_Handler
                0x0000000008000f08        0x6 ./Core/Src/stm32f4xx_it.o
                0x0000000008000f08                NMI_Handler
 .text.HardFault_Handler
                0x0000000008000f0e        0x6 ./Core/Src/stm32f4xx_it.o
                0x0000000008000f0e                HardFault_Handler
 .text.MemManage_Handler
                0x0000000008000f14        0x6 ./Core/Src/stm32f4xx_it.o
                0x0000000008000f14                MemManage_Handler
 .text.BusFault_Handler
                0x0000000008000f1a        0x6 ./Core/Src/stm32f4xx_it.o
                0x0000000008000f1a                BusFault_Handler
 .text.UsageFault_Handler
                0x0000000008000f20        0x6 ./Core/Src/stm32f4xx_it.o
                0x0000000008000f20                UsageFault_Handler
 .text.SVC_Handler
                0x0000000008000f26        0xe ./Core/Src/stm32f4xx_it.o
                0x0000000008000f26                SVC_Handler
 .text.DebugMon_Handler
                0x0000000008000f34        0xe ./Core/Src/stm32f4xx_it.o
                0x0000000008000f34                DebugMon_Handler
 .text.PendSV_Handler
                0x0000000008000f42        0xe ./Core/Src/stm32f4xx_it.o
                0x0000000008000f42                PendSV_Handler
 .text.SysTick_Handler
                0x0000000008000f50        0xc ./Core/Src/stm32f4xx_it.o
                0x0000000008000f50                SysTick_Handler
 .text.SystemInit
                0x0000000008000f5c       0x24 ./Core/Src/system_stm32f4xx.o
                0x0000000008000f5c                SystemInit
 .text.Reset_Handler
                0x0000000008000f80       0x50 ./Core/Startup/startup_stm32f407vgtx.o
                0x0000000008000f80                Reset_Handler
 .text.Default_Handler
                0x0000000008000fd0        0x2 ./Core/Startup/startup_stm32f407vgtx.o
                0x0000000008000fd0                RTC_Alarm_IRQHandler
                0x0000000008000fd0                HASH_RNG_IRQHandler
                0x0000000008000fd0                EXTI2_IRQHandler
                0x0000000008000fd0                TIM8_CC_IRQHandler
                0x0000000008000fd0                TIM1_CC_IRQHandler
                0x0000000008000fd0                DMA2_Stream5_IRQHandler
                0x0000000008000fd0                DMA1_Stream5_IRQHandler
                0x0000000008000fd0                PVD_IRQHandler
                0x0000000008000fd0                SDIO_IRQHandler
                0x0000000008000fd0                TAMP_STAMP_IRQHandler
                0x0000000008000fd0                CAN2_RX1_IRQHandler
                0x0000000008000fd0                EXTI3_IRQHandler
                0x0000000008000fd0                TIM8_TRG_COM_TIM14_IRQHandler
                0x0000000008000fd0                TIM1_UP_TIM10_IRQHandler
                0x0000000008000fd0                TIM8_UP_TIM13_IRQHandler
                0x0000000008000fd0                I2C3_ER_IRQHandler
                0x0000000008000fd0                EXTI0_IRQHandler
                0x0000000008000fd0                I2C2_EV_IRQHandler
                0x0000000008000fd0                DMA1_Stream2_IRQHandler
                0x0000000008000fd0                CAN1_RX0_IRQHandler
                0x0000000008000fd0                FPU_IRQHandler
                0x0000000008000fd0                OTG_HS_WKUP_IRQHandler
                0x0000000008000fd0                CAN2_SCE_IRQHandler
                0x0000000008000fd0                DMA2_Stream2_IRQHandler
                0x0000000008000fd0                SPI1_IRQHandler
                0x0000000008000fd0                TIM6_DAC_IRQHandler
                0x0000000008000fd0                TIM1_BRK_TIM9_IRQHandler
                0x0000000008000fd0                DCMI_IRQHandler
                0x0000000008000fd0                CAN2_RX0_IRQHandler
                0x0000000008000fd0                DMA2_Stream3_IRQHandler
                0x0000000008000fd0                USART6_IRQHandler
                0x0000000008000fd0                USART3_IRQHandler
                0x0000000008000fd0                CAN1_RX1_IRQHandler
                0x0000000008000fd0                UART5_IRQHandler
                0x0000000008000fd0                DMA2_Stream0_IRQHandler
                0x0000000008000fd0                TIM4_IRQHandler
                0x0000000008000fd0                I2C1_EV_IRQHandler
                0x0000000008000fd0                DMA1_Stream6_IRQHandler
                0x0000000008000fd0                DMA1_Stream1_IRQHandler
                0x0000000008000fd0                UART4_IRQHandler
                0x0000000008000fd0                TIM3_IRQHandler
                0x0000000008000fd0                RCC_IRQHandler
                0x0000000008000fd0                TIM8_BRK_TIM12_IRQHandler
                0x0000000008000fd0                Default_Handler
                0x0000000008000fd0                EXTI15_10_IRQHandler
                0x0000000008000fd0                ADC_IRQHandler
                0x0000000008000fd0                DMA1_Stream7_IRQHandler
                0x0000000008000fd0                TIM7_IRQHandler
                0x0000000008000fd0                CAN2_TX_IRQHandler
                0x0000000008000fd0                TIM5_IRQHandler
                0x0000000008000fd0                DMA2_Stream7_IRQHandler
                0x0000000008000fd0                I2C3_EV_IRQHandler
                0x0000000008000fd0                EXTI9_5_IRQHandler
                0x0000000008000fd0                RTC_WKUP_IRQHandler
                0x0000000008000fd0                ETH_WKUP_IRQHandler
                0x0000000008000fd0                SPI2_IRQHandler
                0x0000000008000fd0                OTG_HS_EP1_IN_IRQHandler
                0x0000000008000fd0                DMA1_Stream0_IRQHandler
                0x0000000008000fd0                CAN1_TX_IRQHandler
                0x0000000008000fd0                EXTI4_IRQHandler
                0x0000000008000fd0                FSMC_IRQHandler
                0x0000000008000fd0                ETH_IRQHandler
                0x0000000008000fd0                OTG_HS_EP1_OUT_IRQHandler
                0x0000000008000fd0                WWDG_IRQHandler
                0x0000000008000fd0                TIM2_IRQHandler
                0x0000000008000fd0                OTG_FS_WKUP_IRQHandler
                0x0000000008000fd0                TIM1_TRG_COM_TIM11_IRQHandler
                0x0000000008000fd0                OTG_HS_IRQHandler
                0x0000000008000fd0                EXTI1_IRQHandler
                0x0000000008000fd0                USART2_IRQHandler
                0x0000000008000fd0                I2C2_ER_IRQHandler
                0x0000000008000fd0                DMA2_Stream1_IRQHandler
                0x0000000008000fd0                CAN1_SCE_IRQHandler
                0x0000000008000fd0                FLASH_IRQHandler
                0x0000000008000fd0                DMA2_Stream4_IRQHandler
                0x0000000008000fd0                USART1_IRQHandler
                0x0000000008000fd0                OTG_FS_IRQHandler
                0x0000000008000fd0                SPI3_IRQHandler
                0x0000000008000fd0                DMA1_Stream4_IRQHandler
                0x0000000008000fd0                I2C1_ER_IRQHandler
                0x0000000008000fd0                DMA2_Stream6_IRQHandler
                0x0000000008000fd0                DMA1_Stream3_IRQHandler
 *fill*         0x0000000008000fd2        0x2 
 .text.HAL_Init
                0x0000000008000fd4       0x44 ./Drivers/STM32F4xx_HAL_Driver/Src/stm32f4xx_hal.o
                0x0000000008000fd4                HAL_Init
 .text.HAL_InitTick
                0x0000000008001018       0x60 ./Drivers/STM32F4xx_HAL_Driver/Src/stm32f4xx_hal.o
                0x0000000008001018                HAL_InitTick
 .text.HAL_IncTick
                0x0000000008001078       0x28 ./Drivers/STM32F4xx_HAL_Driver/Src/stm32f4xx_hal.o
                0x0000000008001078                HAL_IncTick
 .text.HAL_GetTick
                0x00000000080010a0       0x18 ./Drivers/STM32F4xx_HAL_Driver/Src/stm32f4xx_hal.o
                0x00000000080010a0                HAL_GetTick
 .text.HAL_ADC_Init
                0x00000000080010b8       0x86 ./Drivers/STM32F4xx_HAL_Driver/Src/stm32f4xx_hal_adc.o
                0x00000000080010b8                HAL_ADC_Init
 *fill*         0x000000000800113e        0x2 
 .text.HAL_ADC_Start
                0x0000000008001140      0x1a4 ./Drivers/STM32F4xx_HAL_Driver/Src/stm32f4xx_hal_adc.o
                0x0000000008001140                HAL_ADC_Start
 .text.HAL_ADC_Stop
                0x00000000080012e4       0x66 ./Drivers/STM32F4xx_HAL_Driver/Src/stm32f4xx_hal_adc.o
                0x00000000080012e4                HAL_ADC_Stop
 .text.HAL_ADC_PollForConversion
                0x000000000800134a      0x116 ./Drivers/STM32F4xx_HAL_Driver/Src/stm32f4xx_hal_adc.o
                0x000000000800134a                HAL_ADC_PollForConversion
 .text.HAL_ADC_GetValue
                0x0000000008001460       0x1a ./Drivers/STM32F4xx_HAL_Driver/Src/stm32f4xx_hal_adc.o
                0x0000000008001460                HAL_ADC_GetValue
 *fill*         0x000000000800147a        0x2 
 .text.HAL_ADC_ConfigChannel
                0x000000000800147c      0x244 ./Drivers/STM32F4xx_HAL_Driver/Src/stm32f4xx_hal_adc.o
                0x000000000800147c                HAL_ADC_ConfigChannel
 .text.ADC_Init
                0x00000000080016c0      0x1f8 ./Drivers/STM32F4xx_HAL_Driver/Src/stm32f4xx_hal_adc.o
 .text.__NVIC_SetPriorityGrouping
                0x00000000080018b8       0x48 ./Drivers/STM32F4xx_HAL_Driver/Src/stm32f4xx_hal_cortex.o
 .text.__NVIC_GetPriorityGrouping
                0x0000000008001900       0x1c ./Drivers/STM32F4xx_HAL_Driver/Src/stm32f4xx_hal_cortex.o
 .text.__NVIC_SetPriority
                0x000000000800191c       0x54 ./Drivers/STM32F4xx_HAL_Driver/Src/stm32f4xx_hal_cortex.o
 .text.NVIC_EncodePriority
                0x0000000008001970       0x66 ./Drivers/STM32F4xx_HAL_Driver/Src/stm32f4xx_hal_cortex.o
 *fill*         0x00000000080019d6        0x2 
 .text.SysTick_Config
                0x00000000080019d8       0x44 ./Drivers/STM32F4xx_HAL_Driver/Src/stm32f4xx_hal_cortex.o
 .text.HAL_NVIC_SetPriorityGrouping
                0x0000000008001a1c       0x16 ./Drivers/STM32F4xx_HAL_Driver/Src/stm32f4xx_hal_cortex.o
                0x0000000008001a1c                HAL_NVIC_SetPriorityGrouping
 .text.HAL_NVIC_SetPriority
                0x0000000008001a32       0x38 ./Drivers/STM32F4xx_HAL_Driver/Src/stm32f4xx_hal_cortex.o
                0x0000000008001a32                HAL_NVIC_SetPriority
 .text.HAL_SYSTICK_Config
                0x0000000008001a6a       0x18 ./Drivers/STM32F4xx_HAL_Driver/Src/stm32f4xx_hal_cortex.o
                0x0000000008001a6a                HAL_SYSTICK_Config
 *fill*         0x0000000008001a82        0x2 
 .text.HAL_GPIO_Init
                0x0000000008001a84      0x338 ./Drivers/STM32F4xx_HAL_Driver/Src/stm32f4xx_hal_gpio.o
                0x0000000008001a84                HAL_GPIO_Init
 .text.HAL_RCC_OscConfig
                0x0000000008001dbc      0x4f0 ./Drivers/STM32F4xx_HAL_Driver/Src/stm32f4xx_hal_rcc.o
                0x0000000008001dbc                HAL_RCC_OscConfig
 .text.HAL_RCC_ClockConfig
                0x00000000080022ac      0x1cc ./Drivers/STM32F4xx_HAL_Driver/Src/stm32f4xx_hal_rcc.o
                0x00000000080022ac                HAL_RCC_ClockConfig
 .text.HAL_RCC_GetSysClockFreq
                0x0000000008002478      0x20c ./Drivers/STM32F4xx_HAL_Driver/Src/stm32f4xx_hal_rcc.o
                0x0000000008002478                HAL_RCC_GetSysClockFreq
 .text.__libc_init_array
                0x0000000008002684       0x48 c:/st/stm32cubeide_1.10.1/stm32cubeide/plugins/com.st.stm32cube.ide.mcu.externaltools.gnu-tools-for-stm32.10.3-2021.10.win32_1.0.0.202111181127/tools/bin/../lib/gcc/arm-none-eabi/10.3.1/../../../../arm-none-eabi/lib/thumb/v7e-m+fp/hard\libc_nano.a(lib_a-init.o)
                0x0000000008002684                __libc_init_array
 .text.memset   0x00000000080026cc       0x10 c:/st/stm32cubeide_1.10.1/stm32cubeide/plugins/com.st.stm32cube.ide.mcu.externaltools.gnu-tools-for-stm32.10.3-2021.10.win32_1.0.0.202111181127/tools/bin/../lib/gcc/arm-none-eabi/10.3.1/../../../../arm-none-eabi/lib/thumb/v7e-m+fp/hard\libc_nano.a(lib_a-memset.o)
                0x00000000080026cc                memset
 *(.glue_7)
 .glue_7        0x00000000080026dc        0x0 linker stubs
 *(.glue_7t)
 .glue_7t       0x00000000080026dc        0x0 linker stubs
 *(.eh_frame)
 .eh_frame      0x00000000080026dc        0x0 c:/st/stm32cubeide_1.10.1/stm32cubeide/plugins/com.st.stm32cube.ide.mcu.externaltools.gnu-tools-for-stm32.10.3-2021.10.win32_1.0.0.202111181127/tools/bin/../lib/gcc/arm-none-eabi/10.3.1/thumb/v7e-m+fp/hard/crtbegin.o
 *(.init)
 .init          0x00000000080026dc        0x4 c:/st/stm32cubeide_1.10.1/stm32cubeide/plugins/com.st.stm32cube.ide.mcu.externaltools.gnu-tools-for-stm32.10.3-2021.10.win32_1.0.0.202111181127/tools/bin/../lib/gcc/arm-none-eabi/10.3.1/thumb/v7e-m+fp/hard/crti.o
                0x00000000080026dc                _init
 .init          0x00000000080026e0        0x8 c:/st/stm32cubeide_1.10.1/stm32cubeide/plugins/com.st.stm32cube.ide.mcu.externaltools.gnu-tools-for-stm32.10.3-2021.10.win32_1.0.0.202111181127/tools/bin/../lib/gcc/arm-none-eabi/10.3.1/thumb/v7e-m+fp/hard/crtn.o
 *(.fini)
 .fini          0x00000000080026e8        0x4 c:/st/stm32cubeide_1.10.1/stm32cubeide/plugins/com.st.stm32cube.ide.mcu.externaltools.gnu-tools-for-stm32.10.3-2021.10.win32_1.0.0.202111181127/tools/bin/../lib/gcc/arm-none-eabi/10.3.1/thumb/v7e-m+fp/hard/crti.o
                0x00000000080026e8                _fini
 .fini          0x00000000080026ec        0x8 c:/st/stm32cubeide_1.10.1/stm32cubeide/plugins/com.st.stm32cube.ide.mcu.externaltools.gnu-tools-for-stm32.10.3-2021.10.win32_1.0.0.202111181127/tools/bin/../lib/gcc/arm-none-eabi/10.3.1/thumb/v7e-m+fp/hard/crtn.o
                0x00000000080026f4                . = ALIGN (0x4)
                0x00000000080026f4                _etext = .

.vfp11_veneer   0x00000000080026f4        0x0
 .vfp11_veneer  0x00000000080026f4        0x0 linker stubs

.v4_bx          0x00000000080026f4        0x0
 .v4_bx         0x00000000080026f4        0x0 linker stubs

.iplt           0x00000000080026f4        0x0
 .iplt          0x00000000080026f4        0x0 c:/st/stm32cubeide_1.10.1/stm32cubeide/plugins/com.st.stm32cube.ide.mcu.externaltools.gnu-tools-for-stm32.10.3-2021.10.win32_1.0.0.202111181127/tools/bin/../lib/gcc/arm-none-eabi/10.3.1/thumb/v7e-m+fp/hard/crtbegin.o

.rodata         0x00000000080026f4       0x10
                0x00000000080026f4                . = ALIGN (0x4)
 *(.rodata)
 *(.rodata*)
 .rodata.AHBPrescTable
                0x00000000080026f4       0x10 ./Core/Src/system_stm32f4xx.o
                0x00000000080026f4                AHBPrescTable
                0x0000000008002704                . = ALIGN (0x4)

.ARM.extab      0x0000000008002704        0x0
                0x0000000008002704                . = ALIGN (0x4)
 *(.ARM.extab* .gnu.linkonce.armextab.*)
                0x0000000008002704                . = ALIGN (0x4)

.ARM            0x0000000008002704        0x8
                0x0000000008002704                . = ALIGN (0x4)
                0x0000000008002704                __exidx_start = .
 *(.ARM.exidx*)
 .ARM.exidx     0x0000000008002704        0x8 c:/st/stm32cubeide_1.10.1/stm32cubeide/plugins/com.st.stm32cube.ide.mcu.externaltools.gnu-tools-for-stm32.10.3-2021.10.win32_1.0.0.202111181127/tools/bin/../lib/gcc/arm-none-eabi/10.3.1/thumb/v7e-m+fp/hard\libgcc.a(_udivmoddi4.o)
                0x000000000800270c                __exidx_end = .
                0x000000000800270c                . = ALIGN (0x4)

.rel.dyn        0x000000000800270c        0x0
 .rel.iplt      0x000000000800270c        0x0 c:/st/stm32cubeide_1.10.1/stm32cubeide/plugins/com.st.stm32cube.ide.mcu.externaltools.gnu-tools-for-stm32.10.3-2021.10.win32_1.0.0.202111181127/tools/bin/../lib/gcc/arm-none-eabi/10.3.1/thumb/v7e-m+fp/hard/crtbegin.o

.preinit_array  0x000000000800270c        0x0
                0x000000000800270c                . = ALIGN (0x4)
                0x000000000800270c                PROVIDE (__preinit_array_start = .)
 *(.preinit_array*)
                0x000000000800270c                PROVIDE (__preinit_array_end = .)
                0x000000000800270c                . = ALIGN (0x4)

.init_array     0x000000000800270c        0x4
                0x000000000800270c                . = ALIGN (0x4)
                0x000000000800270c                PROVIDE (__init_array_start = .)
 *(SORT_BY_NAME(.init_array.*))
 *(.init_array*)
 .init_array    0x000000000800270c        0x4 c:/st/stm32cubeide_1.10.1/stm32cubeide/plugins/com.st.stm32cube.ide.mcu.externaltools.gnu-tools-for-stm32.10.3-2021.10.win32_1.0.0.202111181127/tools/bin/../lib/gcc/arm-none-eabi/10.3.1/thumb/v7e-m+fp/hard/crtbegin.o
                0x0000000008002710                PROVIDE (__init_array_end = .)
                0x0000000008002710                . = ALIGN (0x4)

.fini_array     0x0000000008002710        0x4
                0x0000000008002710                . = ALIGN (0x4)
                [!provide]                        PROVIDE (__fini_array_start = .)
 *(SORT_BY_NAME(.fini_array.*))
 *(.fini_array*)
 .fini_array    0x0000000008002710        0x4 c:/st/stm32cubeide_1.10.1/stm32cubeide/plugins/com.st.stm32cube.ide.mcu.externaltools.gnu-tools-for-stm32.10.3-2021.10.win32_1.0.0.202111181127/tools/bin/../lib/gcc/arm-none-eabi/10.3.1/thumb/v7e-m+fp/hard/crtbegin.o
                [!provide]                        PROVIDE (__fini_array_end = .)
                0x0000000008002714                . = ALIGN (0x4)
                0x0000000008002714                _sidata = LOADADDR (.data)

.data           0x0000000020000000       0x10 load address 0x0000000008002714
                0x0000000020000000                . = ALIGN (0x4)
                0x0000000020000000                _sdata = .
 *(.data)
 *(.data*)
 .data.samples  0x0000000020000000        0x1 ./Core/Src/main.o
                0x0000000020000000                samples
 *fill*         0x0000000020000001        0x3 
 .data.SystemCoreClock
                0x0000000020000004        0x4 ./Core/Src/system_stm32f4xx.o
                0x0000000020000004                SystemCoreClock
 .data.uwTickPrio
                0x0000000020000008        0x4 ./Drivers/STM32F4xx_HAL_Driver/Src/stm32f4xx_hal.o
                0x0000000020000008                uwTickPrio
 .data.uwTickFreq
                0x000000002000000c        0x1 ./Drivers/STM32F4xx_HAL_Driver/Src/stm32f4xx_hal.o
                0x000000002000000c                uwTickFreq
 *(.RamFunc)
 *(.RamFunc*)
                0x0000000020000010                . = ALIGN (0x4)
 *fill*         0x000000002000000d        0x3 
                0x0000000020000010                _edata = .
                0x0000000008002724                _siccmram = LOADADDR (.ccmram)

.igot.plt       0x0000000020000010        0x0 load address 0x0000000008002724
 .igot.plt      0x0000000020000010        0x0 c:/st/stm32cubeide_1.10.1/stm32cubeide/plugins/com.st.stm32cube.ide.mcu.externaltools.gnu-tools-for-stm32.10.3-2021.10.win32_1.0.0.202111181127/tools/bin/../lib/gcc/arm-none-eabi/10.3.1/thumb/v7e-m+fp/hard/crtbegin.o

.ccmram         0x0000000010000000        0x0 load address 0x0000000008002724
                0x0000000010000000                . = ALIGN (0x4)
                0x0000000010000000                _sccmram = .
 *(.ccmram)
 *(.ccmram*)
                0x0000000010000000                . = ALIGN (0x4)
                0x0000000010000000                _eccmram = .
                0x0000000010000000                . = ALIGN (0x4)

.bss            0x0000000020000010       0x74
                0x0000000020000010                _sbss = .
                0x0000000020000010                __bss_start__ = _sbss
 *(.bss)
 .bss           0x0000000020000010       0x1c c:/st/stm32cubeide_1.10.1/stm32cubeide/plugins/com.st.stm32cube.ide.mcu.externaltools.gnu-tools-for-stm32.10.3-2021.10.win32_1.0.0.202111181127/tools/bin/../lib/gcc/arm-none-eabi/10.3.1/thumb/v7e-m+fp/hard/crtbegin.o
 *(.bss*)
 .bss.i         0x000000002000002c        0x1 ./Core/Src/main.o
                0x000000002000002c                i
 *fill*         0x000000002000002d        0x3 
 .bss.average_voltage
                0x0000000020000030        0x4 ./Core/Src/main.o
                0x0000000020000030                average_voltage
 .bss.pH_value  0x0000000020000034        0x4 ./Core/Src/main.o
                0x0000000020000034                pH_value
 .bss.hadc1     0x0000000020000038       0x48 ./Core/Src/main.o
                0x0000000020000038                hadc1
 .bss.uwTick    0x0000000020000080        0x4 ./Drivers/STM32F4xx_HAL_Driver/Src/stm32f4xx_hal.o
                0x0000000020000080                uwTick
 *(COMMON)
                0x0000000020000084                . = ALIGN (0x4)
                0x0000000020000084                _ebss = .
                0x0000000020000084                __bss_end__ = _ebss

._user_heap_stack
                0x0000000020000084      0x604
                0x0000000020000088                . = ALIGN (0x8)
 *fill*         0x0000000020000084        0x4 
                [!provide]                        PROVIDE (end = .)
                0x0000000020000088                PROVIDE (_end = .)
                0x0000000020000288                . = (. + _Min_Heap_Size)
 *fill*         0x0000000020000088      0x200 
                0x0000000020000688                . = (. + _Min_Stack_Size)
 *fill*         0x0000000020000288      0x400 
                0x0000000020000688                . = ALIGN (0x8)

/DISCARD/
 libc.a(*)
 libm.a(*)
 libgcc.a(*)

.ARM.attributes
                0x0000000000000000       0x30
 *(.ARM.attributes)
 .ARM.attributes
                0x0000000000000000       0x1e c:/st/stm32cubeide_1.10.1/stm32cubeide/plugins/com.st.stm32cube.ide.mcu.externaltools.gnu-tools-for-stm32.10.3-2021.10.win32_1.0.0.202111181127/tools/bin/../lib/gcc/arm-none-eabi/10.3.1/thumb/v7e-m+fp/hard/crti.o
 .ARM.attributes
                0x000000000000001e       0x34 c:/st/stm32cubeide_1.10.1/stm32cubeide/plugins/com.st.stm32cube.ide.mcu.externaltools.gnu-tools-for-stm32.10.3-2021.10.win32_1.0.0.202111181127/tools/bin/../lib/gcc/arm-none-eabi/10.3.1/thumb/v7e-m+fp/hard/crtbegin.o
 .ARM.attributes
                0x0000000000000052       0x34 ./Core/Src/main.o
 .ARM.attributes
                0x0000000000000086       0x34 ./Core/Src/stm32f4xx_hal_msp.o
 .ARM.attributes
                0x00000000000000ba       0x34 ./Core/Src/stm32f4xx_it.o
 .ARM.attributes
                0x00000000000000ee       0x34 ./Core/Src/system_stm32f4xx.o
 .ARM.attributes
                0x0000000000000122       0x21 ./Core/Startup/startup_stm32f407vgtx.o
 .ARM.attributes
                0x0000000000000143       0x34 ./Drivers/STM32F4xx_HAL_Driver/Src/stm32f4xx_hal.o
 .ARM.attributes
                0x0000000000000177       0x34 ./Drivers/STM32F4xx_HAL_Driver/Src/stm32f4xx_hal_adc.o
 .ARM.attributes
                0x00000000000001ab       0x34 ./Drivers/STM32F4xx_HAL_Driver/Src/stm32f4xx_hal_cortex.o
 .ARM.attributes
                0x00000000000001df       0x34 ./Drivers/STM32F4xx_HAL_Driver/Src/stm32f4xx_hal_gpio.o
 .ARM.attributes
                0x0000000000000213       0x34 ./Drivers/STM32F4xx_HAL_Driver/Src/stm32f4xx_hal_rcc.o
 .ARM.attributes
                0x0000000000000247       0x34 c:/st/stm32cubeide_1.10.1/stm32cubeide/plugins/com.st.stm32cube.ide.mcu.externaltools.gnu-tools-for-stm32.10.3-2021.10.win32_1.0.0.202111181127/tools/bin/../lib/gcc/arm-none-eabi/10.3.1/../../../../arm-none-eabi/lib/thumb/v7e-m+fp/hard\libc_nano.a(lib_a-init.o)
 .ARM.attributes
                0x000000000000027b       0x34 c:/st/stm32cubeide_1.10.1/stm32cubeide/plugins/com.st.stm32cube.ide.mcu.externaltools.gnu-tools-for-stm32.10.3-2021.10.win32_1.0.0.202111181127/tools/bin/../lib/gcc/arm-none-eabi/10.3.1/../../../../arm-none-eabi/lib/thumb/v7e-m+fp/hard\libc_nano.a(lib_a-memset.o)
 .ARM.attributes
                0x00000000000002af       0x1e c:/st/stm32cubeide_1.10.1/stm32cubeide/plugins/com.st.stm32cube.ide.mcu.externaltools.gnu-tools-for-stm32.10.3-2021.10.win32_1.0.0.202111181127/tools/bin/../lib/gcc/arm-none-eabi/10.3.1/thumb/v7e-m+fp/hard\libgcc.a(_arm_muldf3.o)
 .ARM.attributes
                0x00000000000002cd       0x1e c:/st/stm32cubeide_1.10.1/stm32cubeide/plugins/com.st.stm32cube.ide.mcu.externaltools.gnu-tools-for-stm32.10.3-2021.10.win32_1.0.0.202111181127/tools/bin/../lib/gcc/arm-none-eabi/10.3.1/thumb/v7e-m+fp/hard\libgcc.a(_arm_addsubdf3.o)
 .ARM.attributes
                0x00000000000002eb       0x1e c:/st/stm32cubeide_1.10.1/stm32cubeide/plugins/com.st.stm32cube.ide.mcu.externaltools.gnu-tools-for-stm32.10.3-2021.10.win32_1.0.0.202111181127/tools/bin/../lib/gcc/arm-none-eabi/10.3.1/thumb/v7e-m+fp/hard\libgcc.a(_arm_truncdfsf2.o)
 .ARM.attributes
                0x0000000000000309       0x1e c:/st/stm32cubeide_1.10.1/stm32cubeide/plugins/com.st.stm32cube.ide.mcu.externaltools.gnu-tools-for-stm32.10.3-2021.10.win32_1.0.0.202111181127/tools/bin/../lib/gcc/arm-none-eabi/10.3.1/thumb/v7e-m+fp/hard\libgcc.a(_aeabi_uldivmod.o)
 .ARM.attributes
                0x0000000000000327       0x34 c:/st/stm32cubeide_1.10.1/stm32cubeide/plugins/com.st.stm32cube.ide.mcu.externaltools.gnu-tools-for-stm32.10.3-2021.10.win32_1.0.0.202111181127/tools/bin/../lib/gcc/arm-none-eabi/10.3.1/thumb/v7e-m+fp/hard\libgcc.a(_udivmoddi4.o)
 .ARM.attributes
                0x000000000000035b       0x1e c:/st/stm32cubeide_1.10.1/stm32cubeide/plugins/com.st.stm32cube.ide.mcu.externaltools.gnu-tools-for-stm32.10.3-2021.10.win32_1.0.0.202111181127/tools/bin/../lib/gcc/arm-none-eabi/10.3.1/thumb/v7e-m+fp/hard\libgcc.a(_dvmd_tls.o)
 .ARM.attributes
                0x0000000000000379       0x1e c:/st/stm32cubeide_1.10.1/stm32cubeide/plugins/com.st.stm32cube.ide.mcu.externaltools.gnu-tools-for-stm32.10.3-2021.10.win32_1.0.0.202111181127/tools/bin/../lib/gcc/arm-none-eabi/10.3.1/thumb/v7e-m+fp/hard/crtn.o
OUTPUT(ph_sensor.elf elf32-littlearm)
LOAD linker stubs
LOAD c:/st/stm32cubeide_1.10.1/stm32cubeide/plugins/com.st.stm32cube.ide.mcu.externaltools.gnu-tools-for-stm32.10.3-2021.10.win32_1.0.0.202111181127/tools/bin/../lib/gcc/arm-none-eabi/10.3.1/../../../../arm-none-eabi/lib/thumb/v7e-m+fp/hard\libc.a
LOAD c:/st/stm32cubeide_1.10.1/stm32cubeide/plugins/com.st.stm32cube.ide.mcu.externaltools.gnu-tools-for-stm32.10.3-2021.10.win32_1.0.0.202111181127/tools/bin/../lib/gcc/arm-none-eabi/10.3.1/../../../../arm-none-eabi/lib/thumb/v7e-m+fp/hard\libm.a
LOAD c:/st/stm32cubeide_1.10.1/stm32cubeide/plugins/com.st.stm32cube.ide.mcu.externaltools.gnu-tools-for-stm32.10.3-2021.10.win32_1.0.0.202111181127/tools/bin/../lib/gcc/arm-none-eabi/10.3.1/thumb/v7e-m+fp/hard\libgcc.a

.debug_info     0x0000000000000000     0x5228
 .debug_info    0x0000000000000000      0xc60 ./Core/Src/main.o
 .debug_info    0x0000000000000c60      0x98b ./Core/Src/stm32f4xx_hal_msp.o
 .debug_info    0x00000000000015eb      0x121 ./Core/Src/stm32f4xx_it.o
 .debug_info    0x000000000000170c      0x523 ./Core/Src/system_stm32f4xx.o
 .debug_info    0x0000000000001c2f       0x22 ./Core/Startup/startup_stm32f407vgtx.o
 .debug_info    0x0000000000001c51      0x97c ./Drivers/STM32F4xx_HAL_Driver/Src/stm32f4xx_hal.o
 .debug_info    0x00000000000025cd      0xd70 ./Drivers/STM32F4xx_HAL_Driver/Src/stm32f4xx_hal_adc.o
 .debug_info    0x000000000000333d      0xe1b ./Drivers/STM32F4xx_HAL_Driver/Src/stm32f4xx_hal_cortex.o
 .debug_info    0x0000000000004158      0x76a ./Drivers/STM32F4xx_HAL_Driver/Src/stm32f4xx_hal_gpio.o
 .debug_info    0x00000000000048c2      0x966 ./Drivers/STM32F4xx_HAL_Driver/Src/stm32f4xx_hal_rcc.o

.debug_abbrev   0x0000000000000000     0x118b
 .debug_abbrev  0x0000000000000000      0x271 ./Core/Src/main.o
 .debug_abbrev  0x0000000000000271      0x1a9 ./Core/Src/stm32f4xx_hal_msp.o
 .debug_abbrev  0x000000000000041a       0x74 ./Core/Src/stm32f4xx_it.o
 .debug_abbrev  0x000000000000048e      0x116 ./Core/Src/system_stm32f4xx.o
 .debug_abbrev  0x00000000000005a4       0x12 ./Core/Startup/startup_stm32f407vgtx.o
 .debug_abbrev  0x00000000000005b6      0x20d ./Drivers/STM32F4xx_HAL_Driver/Src/stm32f4xx_hal.o
 .debug_abbrev  0x00000000000007c3      0x244 ./Drivers/STM32F4xx_HAL_Driver/Src/stm32f4xx_hal_adc.o
 .debug_abbrev  0x0000000000000a07      0x316 ./Drivers/STM32F4xx_HAL_Driver/Src/stm32f4xx_hal_cortex.o
 .debug_abbrev  0x0000000000000d1d      0x1c4 ./Drivers/STM32F4xx_HAL_Driver/Src/stm32f4xx_hal_gpio.o
 .debug_abbrev  0x0000000000000ee1      0x2aa ./Drivers/STM32F4xx_HAL_Driver/Src/stm32f4xx_hal_rcc.o

.debug_aranges  0x0000000000000000      0x500
 .debug_aranges
                0x0000000000000000       0x50 ./Core/Src/main.o
 .debug_aranges
                0x0000000000000050       0x30 ./Core/Src/stm32f4xx_hal_msp.o
 .debug_aranges
                0x0000000000000080       0x60 ./Core/Src/stm32f4xx_it.o
 .debug_aranges
                0x00000000000000e0       0x28 ./Core/Src/system_stm32f4xx.o
 .debug_aranges
                0x0000000000000108       0x28 ./Core/Startup/startup_stm32f407vgtx.o
 .debug_aranges
                0x0000000000000130       0xf0 ./Drivers/STM32F4xx_HAL_Driver/Src/stm32f4xx_hal.o
 .debug_aranges
                0x0000000000000220       0xe8 ./Drivers/STM32F4xx_HAL_Driver/Src/stm32f4xx_hal_adc.o
 .debug_aranges
                0x0000000000000308      0x118 ./Drivers/STM32F4xx_HAL_Driver/Src/stm32f4xx_hal_cortex.o
 .debug_aranges
                0x0000000000000420       0x58 ./Drivers/STM32F4xx_HAL_Driver/Src/stm32f4xx_hal_gpio.o
 .debug_aranges
                0x0000000000000478       0x88 ./Drivers/STM32F4xx_HAL_Driver/Src/stm32f4xx_hal_rcc.o

.debug_ranges   0x0000000000000000      0x468
 .debug_ranges  0x0000000000000000       0x40 ./Core/Src/main.o
 .debug_ranges  0x0000000000000040       0x20 ./Core/Src/stm32f4xx_hal_msp.o
 .debug_ranges  0x0000000000000060       0x50 ./Core/Src/stm32f4xx_it.o
 .debug_ranges  0x00000000000000b0       0x18 ./Core/Src/system_stm32f4xx.o
 .debug_ranges  0x00000000000000c8       0x20 ./Core/Startup/startup_stm32f407vgtx.o
 .debug_ranges  0x00000000000000e8       0xe0 ./Drivers/STM32F4xx_HAL_Driver/Src/stm32f4xx_hal.o
 .debug_ranges  0x00000000000001c8       0xd8 ./Drivers/STM32F4xx_HAL_Driver/Src/stm32f4xx_hal_adc.o
 .debug_ranges  0x00000000000002a0      0x108 ./Drivers/STM32F4xx_HAL_Driver/Src/stm32f4xx_hal_cortex.o
 .debug_ranges  0x00000000000003a8       0x48 ./Drivers/STM32F4xx_HAL_Driver/Src/stm32f4xx_hal_gpio.o
 .debug_ranges  0x00000000000003f0       0x78 ./Drivers/STM32F4xx_HAL_Driver/Src/stm32f4xx_hal_rcc.o

.debug_macro    0x0000000000000000    0x201ae
 .debug_macro   0x0000000000000000      0x1e2 ./Core/Src/main.o
 .debug_macro   0x00000000000001e2      0xa78 ./Core/Src/main.o
 .debug_macro   0x0000000000000c5a      0x295 ./Core/Src/main.o
 .debug_macro   0x0000000000000eef       0x2e ./Core/Src/main.o
 .debug_macro   0x0000000000000f1d       0x2f ./Core/Src/main.o
 .debug_macro   0x0000000000000f4c       0x22 ./Core/Src/main.o
 .debug_macro   0x0000000000000f6e       0x8e ./Core/Src/main.o
 .debug_macro   0x0000000000000ffc       0x51 ./Core/Src/main.o
 .debug_macro   0x000000000000104d      0x103 ./Core/Src/main.o
 .debug_macro   0x0000000000001150       0x6a ./Core/Src/main.o
 .debug_macro   0x00000000000011ba      0x1df ./Core/Src/main.o
 .debug_macro   0x0000000000001399       0x1c ./Core/Src/main.o
 .debug_macro   0x00000000000013b5       0x22 ./Core/Src/main.o
 .debug_macro   0x00000000000013d7       0xd9 ./Core/Src/main.o
 .debug_macro   0x00000000000014b0     0x102d ./Core/Src/main.o
 .debug_macro   0x00000000000024dd      0x11f ./Core/Src/main.o
 .debug_macro   0x00000000000025fc    0x15e82 ./Core/Src/main.o
 .debug_macro   0x000000000001847e       0x6d ./Core/Src/main.o
 .debug_macro   0x00000000000184eb     0x367e ./Core/Src/main.o
 .debug_macro   0x000000000001bb69      0x174 ./Core/Src/main.o
 .debug_macro   0x000000000001bcdd       0x5c ./Core/Src/main.o
 .debug_macro   0x000000000001bd39      0x96b ./Core/Src/main.o
 .debug_macro   0x000000000001c6a4      0x9fe ./Core/Src/main.o
 .debug_macro   0x000000000001d0a2      0x115 ./Core/Src/main.o
 .debug_macro   0x000000000001d1b7      0x13e ./Core/Src/main.o
 .debug_macro   0x000000000001d2f5       0xa5 ./Core/Src/main.o
 .debug_macro   0x000000000001d39a      0x174 ./Core/Src/main.o
 .debug_macro   0x000000000001d50e      0x287 ./Core/Src/main.o
 .debug_macro   0x000000000001d795       0x5f ./Core/Src/main.o
 .debug_macro   0x000000000001d7f4      0x236 ./Core/Src/main.o
 .debug_macro   0x000000000001da2a      0xb5b ./Core/Src/main.o
 .debug_macro   0x000000000001e585      0x38b ./Core/Src/main.o
 .debug_macro   0x000000000001e910      0x176 ./Core/Src/main.o
 .debug_macro   0x000000000001ea86       0xf9 ./Core/Src/main.o
 .debug_macro   0x000000000001eb7f      0x12c ./Core/Src/main.o
 .debug_macro   0x000000000001ecab      0x21e ./Core/Src/main.o
 .debug_macro   0x000000000001eec9       0x2e ./Core/Src/main.o
 .debug_macro   0x000000000001eef7      0x11a ./Core/Src/main.o
 .debug_macro   0x000000000001f011       0x7e ./Core/Src/main.o
 .debug_macro   0x000000000001f08f       0x89 ./Core/Src/main.o
 .debug_macro   0x000000000001f118      0x12d ./Core/Src/main.o
 .debug_macro   0x000000000001f245      0x1e2 ./Core/Src/stm32f4xx_hal_msp.o
 .debug_macro   0x000000000001f427      0x1ec ./Core/Src/stm32f4xx_it.o
 .debug_macro   0x000000000001f613      0x1d8 ./Core/Src/system_stm32f4xx.o
 .debug_macro   0x000000000001f7eb      0x238 ./Drivers/STM32F4xx_HAL_Driver/Src/stm32f4xx_hal.o
 .debug_macro   0x000000000001fa23      0x1d9 ./Drivers/STM32F4xx_HAL_Driver/Src/stm32f4xx_hal_adc.o
 .debug_macro   0x000000000001fbfc      0x1d8 ./Drivers/STM32F4xx_HAL_Driver/Src/stm32f4xx_hal_cortex.o
 .debug_macro   0x000000000001fdd4      0x1de ./Drivers/STM32F4xx_HAL_Driver/Src/stm32f4xx_hal_gpio.o
 .debug_macro   0x000000000001ffb2      0x1fc ./Drivers/STM32F4xx_HAL_Driver/Src/stm32f4xx_hal_rcc.o

.debug_line     0x0000000000000000     0x5ea2
 .debug_line    0x0000000000000000      0x828 ./Core/Src/main.o
 .debug_line    0x0000000000000828      0x701 ./Core/Src/stm32f4xx_hal_msp.o
 .debug_line    0x0000000000000f29      0x77c ./Core/Src/stm32f4xx_it.o
 .debug_line    0x00000000000016a5      0x73b ./Core/Src/system_stm32f4xx.o
 .debug_line    0x0000000000001de0       0x88 ./Core/Startup/startup_stm32f407vgtx.o
 .debug_line    0x0000000000001e68      0x9a1 ./Drivers/STM32F4xx_HAL_Driver/Src/stm32f4xx_hal.o
 .debug_line    0x0000000000002809     0x1217 ./Drivers/STM32F4xx_HAL_Driver/Src/stm32f4xx_hal_adc.o
 .debug_line    0x0000000000003a20      0xc50 ./Drivers/STM32F4xx_HAL_Driver/Src/stm32f4xx_hal_cortex.o
 .debug_line    0x0000000000004670      0xb15 ./Drivers/STM32F4xx_HAL_Driver/Src/stm32f4xx_hal_gpio.o
 .debug_line    0x0000000000005185      0xd1d ./Drivers/STM32F4xx_HAL_Driver/Src/stm32f4xx_hal_rcc.o

.debug_str      0x0000000000000000    0xc89c6
 .debug_str     0x0000000000000000    0xc7291 ./Core/Src/main.o
                                      0xc7583 (size before relaxing)
 .debug_str     0x00000000000c7291       0xf6 ./Core/Src/stm32f4xx_hal_msp.o
                                      0xc7387 (size before relaxing)
 .debug_str     0x00000000000c7387       0xc9 ./Core/Src/stm32f4xx_it.o
                                      0xc6e5d (size before relaxing)
 .debug_str     0x00000000000c7450       0xdb ./Core/Src/system_stm32f4xx.o
                                      0xc6f87 (size before relaxing)
 .debug_str     0x00000000000c752b       0x36 ./Core/Startup/startup_stm32f407vgtx.o
                                         0x6e (size before relaxing)
 .debug_str     0x00000000000c7561      0xaea ./Drivers/STM32F4xx_HAL_Driver/Src/stm32f4xx_hal.o
                                      0xc7b0b (size before relaxing)
 .debug_str     0x00000000000c804b      0x299 ./Drivers/STM32F4xx_HAL_Driver/Src/stm32f4xx_hal_adc.o
                                      0xc7574 (size before relaxing)
 .debug_str     0x00000000000c82e4      0x352 ./Drivers/STM32F4xx_HAL_Driver/Src/stm32f4xx_hal_cortex.o
                                      0xc783e (size before relaxing)
 .debug_str     0x00000000000c8636      0x15d ./Drivers/STM32F4xx_HAL_Driver/Src/stm32f4xx_hal_gpio.o
                                      0xc7102 (size before relaxing)
 .debug_str     0x00000000000c8793      0x233 ./Drivers/STM32F4xx_HAL_Driver/Src/stm32f4xx_hal_rcc.o
                                      0xc73bb (size before relaxing)

.comment        0x0000000000000000       0x50
 .comment       0x0000000000000000       0x50 ./Core/Src/main.o
                                         0x51 (size before relaxing)
 .comment       0x0000000000000050       0x51 ./Core/Src/stm32f4xx_hal_msp.o
 .comment       0x0000000000000050       0x51 ./Core/Src/stm32f4xx_it.o
 .comment       0x0000000000000050       0x51 ./Core/Src/system_stm32f4xx.o
 .comment       0x0000000000000050       0x51 ./Drivers/STM32F4xx_HAL_Driver/Src/stm32f4xx_hal.o
 .comment       0x0000000000000050       0x51 ./Drivers/STM32F4xx_HAL_Driver/Src/stm32f4xx_hal_adc.o
 .comment       0x0000000000000050       0x51 ./Drivers/STM32F4xx_HAL_Driver/Src/stm32f4xx_hal_cortex.o
 .comment       0x0000000000000050       0x51 ./Drivers/STM32F4xx_HAL_Driver/Src/stm32f4xx_hal_gpio.o
 .comment       0x0000000000000050       0x51 ./Drivers/STM32F4xx_HAL_Driver/Src/stm32f4xx_hal_rcc.o

.debug_frame    0x0000000000000000     0x13c8
 .debug_frame   0x0000000000000000       0xfc ./Core/Src/main.o
 .debug_frame   0x00000000000000fc       0x7c ./Core/Src/stm32f4xx_hal_msp.o
 .debug_frame   0x0000000000000178      0x104 ./Core/Src/stm32f4xx_it.o
 .debug_frame   0x000000000000027c       0x58 ./Core/Src/system_stm32f4xx.o
 .debug_frame   0x00000000000002d4      0x374 ./Drivers/STM32F4xx_HAL_Driver/Src/stm32f4xx_hal.o
 .debug_frame   0x0000000000000648      0x3fc ./Drivers/STM32F4xx_HAL_Driver/Src/stm32f4xx_hal_adc.o
 .debug_frame   0x0000000000000a44      0x498 ./Drivers/STM32F4xx_HAL_Driver/Src/stm32f4xx_hal_cortex.o
 .debug_frame   0x0000000000000edc      0x14c ./Drivers/STM32F4xx_HAL_Driver/Src/stm32f4xx_hal_gpio.o
 .debug_frame   0x0000000000001028      0x1f4 ./Drivers/STM32F4xx_HAL_Driver/Src/stm32f4xx_hal_rcc.o
 .debug_frame   0x000000000000121c       0x2c c:/st/stm32cubeide_1.10.1/stm32cubeide/plugins/com.st.stm32cube.ide.mcu.externaltools.gnu-tools-for-stm32.10.3-2021.10.win32_1.0.0.202111181127/tools/bin/../lib/gcc/arm-none-eabi/10.3.1/../../../../arm-none-eabi/lib/thumb/v7e-m+fp/hard\libc_nano.a(lib_a-init.o)
 .debug_frame   0x0000000000001248       0x20 c:/st/stm32cubeide_1.10.1/stm32cubeide/plugins/com.st.stm32cube.ide.mcu.externaltools.gnu-tools-for-stm32.10.3-2021.10.win32_1.0.0.202111181127/tools/bin/../lib/gcc/arm-none-eabi/10.3.1/../../../../arm-none-eabi/lib/thumb/v7e-m+fp/hard\libc_nano.a(lib_a-memset.o)
 .debug_frame   0x0000000000001268       0x30 c:/st/stm32cubeide_1.10.1/stm32cubeide/plugins/com.st.stm32cube.ide.mcu.externaltools.gnu-tools-for-stm32.10.3-2021.10.win32_1.0.0.202111181127/tools/bin/../lib/gcc/arm-none-eabi/10.3.1/thumb/v7e-m+fp/hard\libgcc.a(_arm_muldf3.o)
 .debug_frame   0x0000000000001298       0xac c:/st/stm32cubeide_1.10.1/stm32cubeide/plugins/com.st.stm32cube.ide.mcu.externaltools.gnu-tools-for-stm32.10.3-2021.10.win32_1.0.0.202111181127/tools/bin/../lib/gcc/arm-none-eabi/10.3.1/thumb/v7e-m+fp/hard\libgcc.a(_arm_addsubdf3.o)
 .debug_frame   0x0000000000001344       0x24 c:/st/stm32cubeide_1.10.1/stm32cubeide/plugins/com.st.stm32cube.ide.mcu.externaltools.gnu-tools-for-stm32.10.3-2021.10.win32_1.0.0.202111181127/tools/bin/../lib/gcc/arm-none-eabi/10.3.1/thumb/v7e-m+fp/hard\libgcc.a(_arm_truncdfsf2.o)
 .debug_frame   0x0000000000001368       0x2c c:/st/stm32cubeide_1.10.1/stm32cubeide/plugins/com.st.stm32cube.ide.mcu.externaltools.gnu-tools-for-stm32.10.3-2021.10.win32_1.0.0.202111181127/tools/bin/../lib/gcc/arm-none-eabi/10.3.1/thumb/v7e-m+fp/hard\libgcc.a(_aeabi_uldivmod.o)
 .debug_frame   0x0000000000001394       0x34 c:/st/stm32cubeide_1.10.1/stm32cubeide/plugins/com.st.stm32cube.ide.mcu.externaltools.gnu-tools-for-stm32.10.3-2021.10.win32_1.0.0.202111181127/tools/bin/../lib/gcc/arm-none-eabi/10.3.1/thumb/v7e-m+fp/hard\libgcc.a(_udivmoddi4.o)
